app/dashboard/reports/page.tsx(231,37): error TS2322: Type '(value: number) => string' is not assignable to type 'Formatter<number, NameType> & ((value: number, name: NameType, item: Payload<number, NameType>, index: number, payload: Payload<number, NameType>[]) => ReactNode | [...])'.
  Type '(value: number) => string' is not assignable to type 'Formatter<number, NameType>'.
    Types of parameters 'value' and 'value' are incompatible.
      Type 'number | undefined' is not assignable to type 'number'.
        Type 'undefined' is not assignable to type 'number'.
app/dashboard/reports/page.tsx(270,79): error TS18048: 'percent' is possibly 'undefined'.
components/dashboard/ai-assistant.tsx(119,76): error TS2322: Type '{ children: Element; className: string; viewportRef: RefObject<HTMLDivElement | null>; }' is not assignable to type 'IntrinsicAttributes & ScrollAreaProps & RefAttributes<HTMLDivElement>'.
  Property 'viewportRef' does not exist on type 'IntrinsicAttributes & ScrollAreaProps & RefAttributes<HTMLDivElement>'.
